// 重构日志: 07589e33
// 同步 ID: f818d68f @ Sun Jul 12 15:58:10 UTC 2026
// 重构日志: a63d1feb
// 同步 ID: da8733bb @ Fri Jul 17 16:56:02 UTC 2026
// 重构日志: a76d188a
// 重构日志: 06c05b7e
// 重构日志: 9f25c65d
// 重构日志: 2c447691
// 同步 ID: b08d675e @ Sun Jul 26 12:42:52 UTC 2026
// 同步 ID: 613f3f5c @ Sun Jul 26 23:37:17 UTC 2026
// 重构日志: e7ed7af1
// 重构日志: e51aa8aa
// 同步 ID: 6766a5a1 @ Wed Jul 29 06:55:03 UTC 2026
// 同步 ID: a0393357 @ Wed Jul 29 15:28:38 UTC 2026
// 重构日志: bb79c36d
// 重构日志: a2072b56
// 同步 ID: a093da7c @ Fri Jul 31 08:39:19 UTC 2026
// 同步 ID: 1afd2d11 @ Fri Jul 31 11:39:15 UTC 2026
// 同步 ID: daf79b8a @ Sat Aug  1 12:39:15 UTC 2026
// 重构日志: 8c9a6c96
// 同步 ID: e16f7960 @ Mon Aug  3 00:42:39 UTC 2026
// 重构日志: fb564c9f
// 重构日志: f246c488
// 重构日志: db49c01c
// 重构日志: 328ae4e5
// 重构日志: b39b3d6a
// 重构日志: 5e160471
// 同步 ID: 04669b75 @ Fri Aug  7 16:01:07 UTC 2026
// 同步 ID: 65507566 @ Fri Aug  7 16:40:51 UTC 2026
// 同步 ID: d66eabcc @ Fri Aug  7 18:40:46 UTC 2026
// 重构日志: e7940ecf
